stm32f4xx_hal_uart.c:1621:26:UART_Transmit_IT	0	static
stm32f4xx_hal_uart.c:1752:13:UART_SetConfig	32	static
stm32f4xx_hal_uart.c:1552:26:UART_WaitOnFlagUntilTimeout	24	static
stm32f4xx_hal_uart.c:522:14:HAL_UART_MspInit	0	static
stm32f4xx_hal_uart.c:239:19:HAL_UART_Init	8	static
stm32f4xx_hal_uart.c:301:19:HAL_HalfDuplex_Init	8	static
stm32f4xx_hal_uart.c:361:19:HAL_LIN_Init	16	static
stm32f4xx_hal_uart.c:427:19:HAL_MultiProcessor_Init	16	static
stm32f4xx_hal_uart.c:537:14:HAL_UART_MspDeInit	0	static
stm32f4xx_hal_uart.c:490:19:HAL_UART_DeInit	8	static
stm32f4xx_hal_uart.c:611:19:HAL_UART_Transmit	16	static
stm32f4xx_hal_uart.c:689:19:HAL_UART_Receive	16	static
stm32f4xx_hal_uart.c:773:19:HAL_UART_Transmit_IT	0	static
stm32f4xx_hal_uart.c:815:19:HAL_UART_Receive_IT	0	static
stm32f4xx_hal_uart.c:863:19:HAL_UART_Transmit_DMA	16	static
stm32f4xx_hal_uart.c:925:19:HAL_UART_Receive_DMA	16	static
stm32f4xx_hal_uart.c:980:19:HAL_UART_DMAPause	0	static
stm32f4xx_hal_uart.c:1008:19:HAL_UART_DMAResume	8	static
stm32f4xx_hal_uart.c:1038:19:HAL_UART_DMAStop	8	static
stm32f4xx_hal_uart.c:1157:14:HAL_UART_TxCpltCallback	0	static
stm32f4xx_hal_uart.c:1455:13:UART_DMATransmitCplt	8	static
stm32f4xx_hal_uart.c:1669:26:UART_EndTransmit_IT	8	static
stm32f4xx_hal_uart.c:1172:14:HAL_UART_TxHalfCpltCallback	0	static
stm32f4xx_hal_uart.c:1484:13:UART_DMATxHalfCplt	8	static
stm32f4xx_hal_uart.c:1187:13:HAL_UART_RxCpltCallback	0	static
stm32f4xx_hal_uart.c:1496:13:UART_DMAReceiveCplt	8	static
stm32f4xx_hal_uart.c:1688:26:UART_Receive_IT	8	static
stm32f4xx_hal_uart.c:1202:13:HAL_UART_RxHalfCpltCallback	0	static
stm32f4xx_hal_uart.c:1520:13:UART_DMARxHalfCplt	8	static
stm32f4xx_hal_uart.c:1217:14:HAL_UART_ErrorCallback	0	static
stm32f4xx_hal_uart.c:1532:13:UART_DMAError	8	static
stm32f4xx_hal_uart.c:1073:6:HAL_UART_IRQHandler	24	static
stm32f4xx_hal_uart.c:1253:19:HAL_LIN_SendBreak	0	static
stm32f4xx_hal_uart.c:1280:19:HAL_MultiProcessor_EnterMuteMode	0	static
stm32f4xx_hal_uart.c:1307:19:HAL_MultiProcessor_ExitMuteMode	0	static
stm32f4xx_hal_uart.c:1334:19:HAL_HalfDuplex_EnableTransmitter	0	static
stm32f4xx_hal_uart.c:1369:19:HAL_HalfDuplex_EnableReceiver	0	static
stm32f4xx_hal_uart.c:1426:23:HAL_UART_GetState	0	static
stm32f4xx_hal_uart.c:1441:10:HAL_UART_GetError	0	static
