stm32f4xx_hal_rcc.c:223:13:HAL_RCC_DeInit	0	static
stm32f4xx_hal_rcc.c:241:26:HAL_RCC_OscConfig	24	static
stm32f4xx_hal_rcc.c:563:19:HAL_RCC_ClockConfig	16	static
stm32f4xx_hal_rcc.c:758:6:HAL_RCC_MCOConfig	48	static
stm32f4xx_hal_rcc.c:824:6:HAL_RCC_EnableCSS	0	static
stm32f4xx_hal_rcc.c:833:6:HAL_RCC_DisableCSS	0	static
stm32f4xx_hal_rcc.c:868:17:HAL_RCC_GetSysClockFreq	0	static
stm32f4xx_hal_rcc.c:924:10:HAL_RCC_GetHCLKFreq	8	static
stm32f4xx_hal_rcc.c:936:10:HAL_RCC_GetPCLK1Freq	8	static
stm32f4xx_hal_rcc.c:948:10:HAL_RCC_GetPCLK2Freq	8	static
stm32f4xx_hal_rcc.c:961:13:HAL_RCC_GetOscConfig	0	static
stm32f4xx_hal_rcc.c:1040:6:HAL_RCC_GetClockConfig	0	static
stm32f4xx_hal_rcc.c:1083:13:HAL_RCC_CSSCallback	0	static
stm32f4xx_hal_rcc.c:1066:6:HAL_RCC_NMI_IRQHandler	8	static
