stm32f4xx_hal_flash_ex.c:959:13:FLASH_MassErase	0	static
stm32f4xx_hal_flash_ex.c:1234:26:FLASH_OB_BOR_LevelConfig	0	static
stm32f4xx_hal_flash_ex.c:1252:16:FLASH_OB_GetUser	0	static
stm32f4xx_hal_flash_ex.c:1262:17:FLASH_OB_GetWRP	0	static
stm32f4xx_hal_flash_ex.c:1276:16:FLASH_OB_GetRDP	0	static
stm32f4xx_hal_flash_ex.c:1304:16:FLASH_OB_GetBOR	0	static
stm32f4xx_hal_flash_ex.c:1038:26:FLASH_OB_EnableWRP	8	static
stm32f4xx_hal_flash_ex.c:1074:26:FLASH_OB_DisableWRP	8	static
stm32f4xx_hal_flash_ex.c:1165:26:FLASH_OB_RDP_LevelConfig	8	static
stm32f4xx_hal_flash_ex.c:1199:26:FLASH_OB_UserConfig	16	static
stm32f4xx_hal_flash_ex.c:302:19:HAL_FLASHEx_OBProgram	8	static
stm32f4xx_hal_flash_ex.c:361:6:HAL_FLASHEx_OBGetConfig	8	static
stm32f4xx_hal_flash_ex.c:988:6:FLASH_Erase_Sector	0	static
stm32f4xx_hal_flash_ex.c:249:19:HAL_FLASHEx_Erase_IT	8	static
stm32f4xx_hal_flash_ex.c:1314:6:FLASH_FlushCaches	0	static
stm32f4xx_hal_flash_ex.c:178:19:HAL_FLASHEx_Erase	24	static
